MemTotal:        2021096 kB
MemFree:          345464 kB
MemAvailable:     975668 kB
Buffers:            3228 kB
Cached:           829612 kB
SwapCached:         9116 kB
Active:           730304 kB
Inactive:         397332 kB
Active(anon):     220052 kB
Inactive(anon):    97436 kB
Active(file):     510252 kB
Inactive(file):   299896 kB
Unevictable:       10492 kB
Mlocked:           10492 kB
SwapTotal:       1515816 kB
SwapFree:         895720 kB
Dirty:             93808 kB
Writeback:             0 kB
AnonPages:        304812 kB
Mapped:           323432 kB
Shmem:             13056 kB
KReclaimable:      70128 kB
Slab:             185504 kB
SReclaimable:      70128 kB
SUnreclaim:       115376 kB
KernelStack:       29872 kB
PageTables:        61940 kB
SecPageTables:         0 kB
NFS_Unstable:          0 kB
Bounce:                0 kB
WritebackTmp:          0 kB
CommitLimit:     2526364 kB
Committed_AS:   31046796 kB
VmallocTotal:   34359738367 kB
VmallocUsed:       50740 kB
VmallocChunk:          0 kB
Percpu:             4752 kB
AnonHugePages:         0 kB
ShmemHugePages:        0 kB
ShmemPmdMapped:        0 kB
FileHugePages:         0 kB
FilePmdMapped:         0 kB
CmaTotal:              0 kB
CmaFree:               0 kB
DirectMap4k:       57176 kB
DirectMap2M:     2039808 kB
