MemTotal:        2021096 kB
MemFree:          126844 kB
MemAvailable:     994956 kB
Buffers:            3052 kB
Cached:          1062828 kB
SwapCached:         6528 kB
Active:           677720 kB
Inactive:         660492 kB
Active(anon):     199272 kB
Inactive(anon):    93380 kB
Active(file):     478448 kB
Inactive(file):   567112 kB
Unevictable:       10492 kB
Mlocked:           10492 kB
SwapTotal:       1515816 kB
SwapFree:         881036 kB
Dirty:             92088 kB
Writeback:             0 kB
AnonPages:        282928 kB
Mapped:           288128 kB
Shmem:             10564 kB
KReclaimable:      75120 kB
Slab:             190268 kB
SReclaimable:      75120 kB
SUnreclaim:       115148 kB
KernelStack:       30832 kB
PageTables:        62764 kB
SecPageTables:         0 kB
NFS_Unstable:          0 kB
Bounce:                0 kB
WritebackTmp:          0 kB
CommitLimit:     2526364 kB
Committed_AS:   30548864 kB
VmallocTotal:   34359738367 kB
VmallocUsed:       51704 kB
VmallocChunk:          0 kB
Percpu:             4752 kB
AnonHugePages:         0 kB
ShmemHugePages:        0 kB
ShmemPmdMapped:        0 kB
FileHugePages:         0 kB
FilePmdMapped:         0 kB
CmaTotal:              0 kB
CmaFree:               0 kB
DirectMap4k:       57176 kB
DirectMap2M:     2039808 kB
