MemTotal:        2021096 kB
MemFree:          455576 kB
MemAvailable:     971576 kB
Buffers:            3756 kB
Cached:           715592 kB
SwapCached:        10232 kB
Active:           436748 kB
Inactive:         591228 kB
Active(anon):     220716 kB
Inactive(anon):   111676 kB
Active(file):     216032 kB
Inactive(file):   479552 kB
Unevictable:       10492 kB
Mlocked:           10492 kB
SwapTotal:       1515816 kB
SwapFree:         931060 kB
Dirty:             88148 kB
Writeback:             0 kB
AnonPages:        317372 kB
Mapped:           277524 kB
Shmem:             13888 kB
KReclaimable:      70848 kB
Slab:             186092 kB
SReclaimable:      70848 kB
SUnreclaim:       115244 kB
KernelStack:       29936 kB
PageTables:        61664 kB
SecPageTables:         0 kB
NFS_Unstable:          0 kB
Bounce:                0 kB
WritebackTmp:          0 kB
CommitLimit:     2526364 kB
Committed_AS:   29842416 kB
VmallocTotal:   34359738367 kB
VmallocUsed:       50788 kB
VmallocChunk:          0 kB
Percpu:             4752 kB
AnonHugePages:         0 kB
ShmemHugePages:        0 kB
ShmemPmdMapped:        0 kB
FileHugePages:         0 kB
FilePmdMapped:         0 kB
CmaTotal:              0 kB
CmaFree:               0 kB
DirectMap4k:       57176 kB
DirectMap2M:     2039808 kB
