MemTotal:        2021096 kB
MemFree:          479876 kB
MemAvailable:     976412 kB
Buffers:            4080 kB
Cached:           693676 kB
SwapCached:        11084 kB
Active:           720896 kB
Inactive:         289768 kB
Active(anon):     283148 kB
Inactive(anon):    52712 kB
Active(file):     437748 kB
Inactive(file):   237056 kB
Unevictable:       10492 kB
Mlocked:           10492 kB
SwapTotal:       1515816 kB
SwapFree:         911740 kB
Dirty:            100472 kB
Writeback:             4 kB
AnonPages:        321144 kB
Mapped:           325444 kB
Shmem:             13172 kB
KReclaimable:      73476 kB
Slab:             188752 kB
SReclaimable:      73476 kB
SUnreclaim:       115276 kB
KernelStack:       29808 kB
PageTables:        61728 kB
SecPageTables:         0 kB
NFS_Unstable:          0 kB
Bounce:                0 kB
WritebackTmp:          0 kB
CommitLimit:     2526364 kB
Committed_AS:   29841972 kB
VmallocTotal:   34359738367 kB
VmallocUsed:       50676 kB
VmallocChunk:          0 kB
Percpu:             4752 kB
AnonHugePages:         0 kB
ShmemHugePages:        0 kB
ShmemPmdMapped:        0 kB
FileHugePages:         0 kB
FilePmdMapped:         0 kB
CmaTotal:              0 kB
CmaFree:               0 kB
DirectMap4k:       57176 kB
DirectMap2M:     2039808 kB
