MemTotal:        2021096 kB
MemFree:           97024 kB
MemAvailable:     999512 kB
Buffers:            4340 kB
Cached:          1094744 kB
SwapCached:         6700 kB
Active:           805760 kB
Inactive:         555380 kB
Active(anon):     270764 kB
Inactive(anon):    12048 kB
Active(file):     534996 kB
Inactive(file):   543332 kB
Unevictable:       10492 kB
Mlocked:           10492 kB
SwapTotal:       1515816 kB
SwapFree:         876284 kB
Dirty:             92356 kB
Writeback:            40 kB
AnonPages:        272736 kB
Mapped:           256648 kB
Shmem:             11112 kB
KReclaimable:      78336 kB
Slab:             193416 kB
SReclaimable:      78336 kB
SUnreclaim:       115080 kB
KernelStack:       30176 kB
PageTables:        61196 kB
SecPageTables:         0 kB
NFS_Unstable:          0 kB
Bounce:                0 kB
WritebackTmp:          0 kB
CommitLimit:     2526364 kB
Committed_AS:   29728332 kB
VmallocTotal:   34359738367 kB
VmallocUsed:       51060 kB
VmallocChunk:          0 kB
Percpu:             4752 kB
AnonHugePages:         0 kB
ShmemHugePages:        0 kB
ShmemPmdMapped:        0 kB
FileHugePages:         0 kB
FilePmdMapped:         0 kB
CmaTotal:              0 kB
CmaFree:               0 kB
DirectMap4k:       57176 kB
DirectMap2M:     2039808 kB
