MemTotal:        2021096 kB
MemFree:          350632 kB
MemAvailable:     918872 kB
Buffers:            3684 kB
Cached:           767444 kB
SwapCached:        14388 kB
Active:           611300 kB
Inactive:         468396 kB
Active(anon):     233972 kB
Inactive(anon):    98248 kB
Active(file):     377328 kB
Inactive(file):   370148 kB
Unevictable:       10492 kB
Mlocked:           10492 kB
SwapTotal:       1515816 kB
SwapFree:         886788 kB
Dirty:             84072 kB
Writeback:             0 kB
AnonPages:        313504 kB
Mapped:           324412 kB
Shmem:             13732 kB
KReclaimable:      71540 kB
Slab:             187200 kB
SReclaimable:      71540 kB
SUnreclaim:       115660 kB
KernelStack:       29952 kB
PageTables:        61584 kB
SecPageTables:         0 kB
NFS_Unstable:          0 kB
Bounce:                0 kB
WritebackTmp:          0 kB
CommitLimit:     2526364 kB
Committed_AS:   29824636 kB
VmallocTotal:   34359738367 kB
VmallocUsed:       50852 kB
VmallocChunk:          0 kB
Percpu:             4752 kB
AnonHugePages:         0 kB
ShmemHugePages:        0 kB
ShmemPmdMapped:        0 kB
FileHugePages:         0 kB
FilePmdMapped:         0 kB
CmaTotal:              0 kB
CmaFree:               0 kB
DirectMap4k:       57176 kB
DirectMap2M:     2039808 kB
