MemTotal:        2021096 kB
MemFree:          186396 kB
MemAvailable:     905708 kB
Buffers:            3544 kB
Cached:           924240 kB
SwapCached:        11708 kB
Active:           785428 kB
Inactive:         493464 kB
Active(anon):     313908 kB
Inactive(anon):    67284 kB
Active(file):     471520 kB
Inactive(file):   426180 kB
Unevictable:       10492 kB
Mlocked:           10492 kB
SwapTotal:       1515816 kB
SwapFree:         938576 kB
Dirty:             96248 kB
Writeback:            88 kB
AnonPages:        362828 kB
Mapped:           475084 kB
Shmem:             19272 kB
KReclaimable:      73236 kB
Slab:             187800 kB
SReclaimable:      73236 kB
SUnreclaim:       114564 kB
KernelStack:       30288 kB
PageTables:        62828 kB
SecPageTables:         0 kB
NFS_Unstable:          0 kB
Bounce:                0 kB
WritebackTmp:          0 kB
CommitLimit:     2526364 kB
Committed_AS:   31904472 kB
VmallocTotal:   34359738367 kB
VmallocUsed:       51172 kB
VmallocChunk:          0 kB
Percpu:             4752 kB
AnonHugePages:         0 kB
ShmemHugePages:        0 kB
ShmemPmdMapped:        0 kB
FileHugePages:         0 kB
FilePmdMapped:         0 kB
CmaTotal:              0 kB
CmaFree:               0 kB
DirectMap4k:       57176 kB
DirectMap2M:     2039808 kB
