MemTotal:        2021096 kB
MemFree:           93656 kB
MemAvailable:     911984 kB
Buffers:            2728 kB
Cached:          1019396 kB
SwapCached:        12816 kB
Active:           713208 kB
Inactive:         756424 kB
Active(anon):     294948 kB
Inactive(anon):   175124 kB
Active(file):     418260 kB
Inactive(file):   581300 kB
Unevictable:       10492 kB
Mlocked:           10492 kB
SwapTotal:       1515816 kB
SwapFree:        1035716 kB
Dirty:               548 kB
Writeback:             0 kB
AnonPages:        456184 kB
Mapped:           581124 kB
Shmem:             12832 kB
KReclaimable:      67548 kB
Slab:             181272 kB
SReclaimable:      67548 kB
SUnreclaim:       113724 kB
KernelStack:       29744 kB
PageTables:        61652 kB
SecPageTables:         0 kB
NFS_Unstable:          0 kB
Bounce:                0 kB
WritebackTmp:          0 kB
CommitLimit:     2526364 kB
Committed_AS:   31217624 kB
VmallocTotal:   34359738367 kB
VmallocUsed:       50596 kB
VmallocChunk:          0 kB
Percpu:             4752 kB
AnonHugePages:         0 kB
ShmemHugePages:        0 kB
ShmemPmdMapped:        0 kB
FileHugePages:         0 kB
FilePmdMapped:         0 kB
CmaTotal:              0 kB
CmaFree:               0 kB
DirectMap4k:       57176 kB
DirectMap2M:     2039808 kB
