MemTotal:        2021096 kB
MemFree:          274068 kB
MemAvailable:     960528 kB
Buffers:            7372 kB
Cached:           883580 kB
SwapCached:        14784 kB
Active:           470924 kB
Inactive:         756700 kB
Active(anon):     279732 kB
Inactive(anon):    82964 kB
Active(file):     191192 kB
Inactive(file):   673736 kB
Unevictable:       10492 kB
Mlocked:           10492 kB
SwapTotal:       1515816 kB
SwapFree:         936504 kB
Dirty:             88180 kB
Writeback:             0 kB
AnonPages:        342000 kB
Mapped:           443440 kB
Shmem:             16032 kB
KReclaimable:      73076 kB
Slab:             187468 kB
SReclaimable:      73076 kB
SUnreclaim:       114392 kB
KernelStack:       30048 kB
PageTables:        61712 kB
SecPageTables:         0 kB
NFS_Unstable:          0 kB
Bounce:                0 kB
WritebackTmp:          0 kB
CommitLimit:     2526364 kB
Committed_AS:   29809292 kB
VmallocTotal:   34359738367 kB
VmallocUsed:       50928 kB
VmallocChunk:          0 kB
Percpu:             4752 kB
AnonHugePages:         0 kB
ShmemHugePages:        0 kB
ShmemPmdMapped:        0 kB
FileHugePages:         0 kB
FilePmdMapped:         0 kB
CmaTotal:              0 kB
CmaFree:               0 kB
DirectMap4k:       57176 kB
DirectMap2M:     2039808 kB
