MemTotal:        3047924 kB
MemFree:          329012 kB
MemAvailable:    1441524 kB
Buffers:           10404 kB
Cached:          1381108 kB
SwapCached:        10320 kB
Active:           883872 kB
Inactive:        1026388 kB
Active(anon):     433748 kB
Inactive(anon):   132696 kB
Active(file):     450124 kB
Inactive(file):   893692 kB
Unevictable:       39056 kB
Mlocked:           39056 kB
SwapTotal:       2285936 kB
SwapFree:        1407968 kB
Dirty:            140528 kB
Writeback:             0 kB
AnonPages:        551492 kB
Mapped:           766880 kB
Shmem:              9300 kB
KReclaimable:      69504 kB
Slab:             267852 kB
SReclaimable:      69504 kB
SUnreclaim:       198348 kB
KernelStack:       45784 kB
PageTables:       104140 kB
SecPageTables:         0 kB
NFS_Unstable:          0 kB
Bounce:                0 kB
WritebackTmp:          0 kB
CommitLimit:     3809896 kB
Committed_AS:   217844040 kB
VmallocTotal:   34359738367 kB
VmallocUsed:       71544 kB
VmallocChunk:          0 kB
Percpu:             6832 kB
AnonHugePages:         0 kB
ShmemHugePages:        0 kB
ShmemPmdMapped:        0 kB
FileHugePages:         0 kB
FilePmdMapped:         0 kB
CmaTotal:              0 kB
CmaFree:               0 kB
DirectMap4k:       61264 kB
DirectMap2M:     3084288 kB
