MemTotal:        2021096 kB
MemFree:          336768 kB
MemAvailable:     983544 kB
Buffers:            3456 kB
Cached:           846000 kB
SwapCached:         8992 kB
Active:           777356 kB
Inactive:         357428 kB
Active(anon):     219076 kB
Inactive(anon):    88952 kB
Active(file):     558280 kB
Inactive(file):   268476 kB
Unevictable:       10492 kB
Mlocked:           10492 kB
SwapTotal:       1515816 kB
SwapFree:         895768 kB
Dirty:             92104 kB
Writeback:             0 kB
AnonPages:        295724 kB
Mapped:           345140 kB
Shmem:             12828 kB
KReclaimable:      70056 kB
Slab:             185332 kB
SReclaimable:      70056 kB
SUnreclaim:       115276 kB
KernelStack:       29504 kB
PageTables:        61048 kB
SecPageTables:         0 kB
NFS_Unstable:          0 kB
Bounce:                0 kB
WritebackTmp:          0 kB
CommitLimit:     2526364 kB
Committed_AS:   29719868 kB
VmallocTotal:   34359738367 kB
VmallocUsed:       50388 kB
VmallocChunk:          0 kB
Percpu:             4752 kB
AnonHugePages:         0 kB
ShmemHugePages:        0 kB
ShmemPmdMapped:        0 kB
FileHugePages:         0 kB
FilePmdMapped:         0 kB
CmaTotal:              0 kB
CmaFree:               0 kB
DirectMap4k:       57176 kB
DirectMap2M:     2039808 kB
