MemTotal:        2021096 kB
MemFree:          252184 kB
MemAvailable:     966568 kB
Buffers:            3628 kB
Cached:           912952 kB
SwapCached:         8988 kB
Active:           917308 kB
Inactive:         310092 kB
Active(anon):     264064 kB
Inactive(anon):    69240 kB
Active(file):     653244 kB
Inactive(file):   240852 kB
Unevictable:       10492 kB
Mlocked:           10492 kB
SwapTotal:       1515816 kB
SwapFree:         901476 kB
Dirty:             96396 kB
Writeback:             0 kB
AnonPages:        321260 kB
Mapped:           358320 kB
Shmem:             12748 kB
KReclaimable:      70592 kB
Slab:             185792 kB
SReclaimable:      70592 kB
SUnreclaim:       115200 kB
KernelStack:       29712 kB
PageTables:        61540 kB
SecPageTables:         0 kB
NFS_Unstable:          0 kB
Bounce:                0 kB
WritebackTmp:          0 kB
CommitLimit:     2526364 kB
Committed_AS:   29816292 kB
VmallocTotal:   34359738367 kB
VmallocUsed:       50580 kB
VmallocChunk:          0 kB
Percpu:             4752 kB
AnonHugePages:         0 kB
ShmemHugePages:        0 kB
ShmemPmdMapped:        0 kB
FileHugePages:         0 kB
FilePmdMapped:         0 kB
CmaTotal:              0 kB
CmaFree:               0 kB
DirectMap4k:       57176 kB
DirectMap2M:     2039808 kB
