MemTotal:        2021096 kB
MemFree:          169764 kB
MemAvailable:     913840 kB
Buffers:            3524 kB
Cached:           952992 kB
SwapCached:        15128 kB
Active:           972160 kB
Inactive:         361708 kB
Active(anon):     303152 kB
Inactive(anon):   106376 kB
Active(file):     669008 kB
Inactive(file):   255332 kB
Unevictable:       10492 kB
Mlocked:           10492 kB
SwapTotal:       1515816 kB
SwapFree:         959772 kB
Dirty:             96428 kB
Writeback:             0 kB
AnonPages:        387188 kB
Mapped:           486556 kB
Shmem:             18656 kB
KReclaimable:      69488 kB
Slab:             184668 kB
SReclaimable:      69488 kB
SUnreclaim:       115180 kB
KernelStack:       29184 kB
PageTables:        62720 kB
SecPageTables:         0 kB
NFS_Unstable:          0 kB
Bounce:                0 kB
WritebackTmp:          0 kB
CommitLimit:     2526364 kB
Committed_AS:   31187416 kB
VmallocTotal:   34359738367 kB
VmallocUsed:       50040 kB
VmallocChunk:          0 kB
Percpu:             4752 kB
AnonHugePages:         0 kB
ShmemHugePages:        0 kB
ShmemPmdMapped:        0 kB
FileHugePages:         0 kB
FilePmdMapped:         0 kB
CmaTotal:              0 kB
CmaFree:               0 kB
DirectMap4k:       57176 kB
DirectMap2M:     2039808 kB
