MemTotal:        2021096 kB
MemFree:          148104 kB
MemAvailable:     939360 kB
Buffers:            4952 kB
Cached:           983396 kB
SwapCached:         6900 kB
Active:           776892 kB
Inactive:         506936 kB
Active(anon):     276868 kB
Inactive(anon):    40484 kB
Active(file):     500024 kB
Inactive(file):   466452 kB
Unevictable:       10492 kB
Mlocked:           10492 kB
SwapTotal:       1515816 kB
SwapFree:         872008 kB
Dirty:             36620 kB
Writeback:           156 kB
AnonPages:        306428 kB
Mapped:           265920 kB
Shmem:             11876 kB
KReclaimable:      79576 kB
Slab:             195004 kB
SReclaimable:      79576 kB
SUnreclaim:       115428 kB
KernelStack:       30416 kB
PageTables:        62704 kB
SecPageTables:         0 kB
NFS_Unstable:          0 kB
Bounce:                0 kB
WritebackTmp:          0 kB
CommitLimit:     2526364 kB
Committed_AS:   30523688 kB
VmallocTotal:   34359738367 kB
VmallocUsed:       51288 kB
VmallocChunk:          0 kB
Percpu:             4752 kB
AnonHugePages:         0 kB
ShmemHugePages:        0 kB
ShmemPmdMapped:        0 kB
FileHugePages:         0 kB
FilePmdMapped:         0 kB
CmaTotal:              0 kB
CmaFree:               0 kB
DirectMap4k:       57176 kB
DirectMap2M:     2039808 kB
