MemTotal:        2021096 kB
MemFree:          162808 kB
MemAvailable:     964132 kB
Buffers:            3704 kB
Cached:           998260 kB
SwapCached:        10644 kB
Active:           461112 kB
Inactive:         867508 kB
Active(anon):      61980 kB
Inactive(anon):   284648 kB
Active(file):     399132 kB
Inactive(file):   582860 kB
Unevictable:       10484 kB
Mlocked:           10484 kB
SwapTotal:       1515816 kB
SwapFree:         919052 kB
Dirty:             88084 kB
Writeback:           156 kB
AnonPages:        333948 kB
Mapped:           297096 kB
Shmem:              9936 kB
KReclaimable:      68676 kB
Slab:             183960 kB
SReclaimable:      68676 kB
SUnreclaim:       115284 kB
KernelStack:       32288 kB
PageTables:        62660 kB
SecPageTables:         0 kB
NFS_Unstable:          0 kB
Bounce:                0 kB
WritebackTmp:          0 kB
CommitLimit:     2526364 kB
Committed_AS:   31353200 kB
VmallocTotal:   34359738367 kB
VmallocUsed:       53200 kB
VmallocChunk:          0 kB
Percpu:             4752 kB
AnonHugePages:         0 kB
ShmemHugePages:        0 kB
ShmemPmdMapped:        0 kB
FileHugePages:         0 kB
FilePmdMapped:         0 kB
CmaTotal:              0 kB
CmaFree:               0 kB
DirectMap4k:       57176 kB
DirectMap2M:     2039808 kB
