MemTotal:        2021096 kB
MemFree:          173948 kB
MemAvailable:     930792 kB
Buffers:            3252 kB
Cached:           954388 kB
SwapCached:        15104 kB
Active:           779488 kB
Inactive:         542788 kB
Active(anon):     161228 kB
Inactive(anon):   226880 kB
Active(file):     618260 kB
Inactive(file):   315908 kB
Unevictable:       10492 kB
Mlocked:           10492 kB
SwapTotal:       1515816 kB
SwapFree:         948668 kB
Dirty:             88044 kB
Writeback:             0 kB
AnonPages:        369020 kB
Mapped:           307048 kB
Shmem:             13836 kB
KReclaimable:      75364 kB
Slab:             190508 kB
SReclaimable:      75364 kB
SUnreclaim:       115144 kB
KernelStack:       30208 kB
PageTables:        61684 kB
SecPageTables:         0 kB
NFS_Unstable:          0 kB
Bounce:                0 kB
WritebackTmp:          0 kB
CommitLimit:     2526364 kB
Committed_AS:   29834980 kB
VmallocTotal:   34359738367 kB
VmallocUsed:       51108 kB
VmallocChunk:          0 kB
Percpu:             4752 kB
AnonHugePages:         0 kB
ShmemHugePages:        0 kB
ShmemPmdMapped:        0 kB
FileHugePages:         0 kB
FilePmdMapped:         0 kB
CmaTotal:              0 kB
CmaFree:               0 kB
DirectMap4k:       57176 kB
DirectMap2M:     2039808 kB
