MemTotal:        2021096 kB
MemFree:          157576 kB
MemAvailable:    1002640 kB
Buffers:            3280 kB
Cached:          1042924 kB
SwapCached:         6748 kB
Active:           521044 kB
Inactive:         812728 kB
Active(anon):     120712 kB
Inactive(anon):   188180 kB
Active(file):     400332 kB
Inactive(file):   624548 kB
Unevictable:       10492 kB
Mlocked:           10492 kB
SwapTotal:       1515816 kB
SwapFree:         901692 kB
Dirty:             86744 kB
Writeback:             0 kB
AnonPages:        298684 kB
Mapped:           243416 kB
Shmem:             11536 kB
KReclaimable:      70384 kB
Slab:             185712 kB
SReclaimable:      70384 kB
SUnreclaim:       115328 kB
KernelStack:       30320 kB
PageTables:        61348 kB
SecPageTables:         0 kB
NFS_Unstable:          0 kB
Bounce:                0 kB
WritebackTmp:          0 kB
CommitLimit:     2526364 kB
Committed_AS:   29718240 kB
VmallocTotal:   34359738367 kB
VmallocUsed:       51188 kB
VmallocChunk:          0 kB
Percpu:             4752 kB
AnonHugePages:         0 kB
ShmemHugePages:        0 kB
ShmemPmdMapped:        0 kB
FileHugePages:         0 kB
FilePmdMapped:         0 kB
CmaTotal:              0 kB
CmaFree:               0 kB
DirectMap4k:       57176 kB
DirectMap2M:     2039808 kB
