MemTotal:        2021096 kB
MemFree:          141928 kB
MemAvailable:     995276 kB
Buffers:            3268 kB
Cached:          1049940 kB
SwapCached:         5824 kB
Active:           437972 kB
Inactive:         868764 kB
Active(anon):     145784 kB
Inactive(anon):   127800 kB
Active(file):     292188 kB
Inactive(file):   740964 kB
Unevictable:       10492 kB
Mlocked:           10492 kB
SwapTotal:       1515816 kB
SwapFree:         835820 kB
Dirty:             88100 kB
Writeback:            20 kB
AnonPages:        264444 kB
Mapped:           246208 kB
Shmem:             10296 kB
KReclaimable:      70408 kB
Slab:             185716 kB
SReclaimable:      70408 kB
SUnreclaim:       115308 kB
KernelStack:       30784 kB
PageTables:        61872 kB
SecPageTables:         0 kB
NFS_Unstable:          0 kB
Bounce:                0 kB
WritebackTmp:          0 kB
CommitLimit:     2526364 kB
Committed_AS:   29796476 kB
VmallocTotal:   34359738367 kB
VmallocUsed:       51652 kB
VmallocChunk:          0 kB
Percpu:             4752 kB
AnonHugePages:         0 kB
ShmemHugePages:        0 kB
ShmemPmdMapped:        0 kB
FileHugePages:         0 kB
FilePmdMapped:         0 kB
CmaTotal:              0 kB
CmaFree:               0 kB
DirectMap4k:       57176 kB
DirectMap2M:     2039808 kB
