MemTotal:        2021096 kB
MemFree:          191960 kB
MemAvailable:     991684 kB
Buffers:            3220 kB
Cached:           995544 kB
SwapCached:         6532 kB
Active:           466076 kB
Inactive:         805144 kB
Active(anon):      95280 kB
Inactive(anon):   194500 kB
Active(file):     370796 kB
Inactive(file):   610644 kB
Unevictable:       10484 kB
Mlocked:           10484 kB
SwapTotal:       1515816 kB
SwapFree:         827364 kB
Dirty:              1044 kB
Writeback:             4 kB
AnonPages:        282224 kB
Mapped:           301508 kB
Shmem:              7764 kB
KReclaimable:      66580 kB
Slab:             182568 kB
SReclaimable:      66580 kB
SUnreclaim:       115988 kB
KernelStack:       34016 kB
PageTables:        65220 kB
SecPageTables:         0 kB
NFS_Unstable:          0 kB
Bounce:                0 kB
WritebackTmp:          0 kB
CommitLimit:     2526364 kB
Committed_AS:   34225656 kB
VmallocTotal:   34359738367 kB
VmallocUsed:       54920 kB
VmallocChunk:          0 kB
Percpu:             4752 kB
AnonHugePages:         0 kB
ShmemHugePages:        0 kB
ShmemPmdMapped:        0 kB
FileHugePages:         0 kB
FilePmdMapped:         0 kB
CmaTotal:              0 kB
CmaFree:               0 kB
DirectMap4k:       57176 kB
DirectMap2M:     2039808 kB
