MemTotal:        2021096 kB
MemFree:          260228 kB
MemAvailable:     960892 kB
Buffers:            3612 kB
Cached:           898916 kB
SwapCached:        10808 kB
Active:           846024 kB
Inactive:         357020 kB
Active(anon):     161912 kB
Inactive(anon):   160172 kB
Active(file):     684112 kB
Inactive(file):   196848 kB
Unevictable:       10492 kB
Mlocked:           10492 kB
SwapTotal:       1515816 kB
SwapFree:         920780 kB
Dirty:             88176 kB
Writeback:             0 kB
AnonPages:        308960 kB
Mapped:           370344 kB
Shmem:             11896 kB
KReclaimable:      69424 kB
Slab:             184496 kB
SReclaimable:      69424 kB
SUnreclaim:       115072 kB
KernelStack:       29424 kB
PageTables:        61320 kB
SecPageTables:         0 kB
NFS_Unstable:          0 kB
Bounce:                0 kB
WritebackTmp:          0 kB
CommitLimit:     2526364 kB
Committed_AS:   29719532 kB
VmallocTotal:   34359738367 kB
VmallocUsed:       50308 kB
VmallocChunk:          0 kB
Percpu:             4752 kB
AnonHugePages:         0 kB
ShmemHugePages:        0 kB
ShmemPmdMapped:        0 kB
FileHugePages:         0 kB
FilePmdMapped:         0 kB
CmaTotal:              0 kB
CmaFree:               0 kB
DirectMap4k:       57176 kB
DirectMap2M:     2039808 kB
