MemTotal:        3047924 kB
MemFree:          277156 kB
MemAvailable:    1446728 kB
Buffers:           17740 kB
Cached:          1431164 kB
SwapCached:        10676 kB
Active:           893760 kB
Inactive:        1051576 kB
Active(anon):     423796 kB
Inactive(anon):   120628 kB
Active(file):     469964 kB
Inactive(file):   930948 kB
Unevictable:       39056 kB
Mlocked:           39056 kB
SwapTotal:       2285936 kB
SwapFree:        1378612 kB
Dirty:            140136 kB
Writeback:           128 kB
AnonPages:        528528 kB
Mapped:           766504 kB
Shmem:              9892 kB
KReclaimable:      69428 kB
Slab:             269284 kB
SReclaimable:      69428 kB
SUnreclaim:       199856 kB
KernelStack:       46152 kB
PageTables:       104112 kB
SecPageTables:         0 kB
NFS_Unstable:          0 kB
Bounce:                0 kB
WritebackTmp:          0 kB
CommitLimit:     3809896 kB
Committed_AS:   217849928 kB
VmallocTotal:   34359738367 kB
VmallocUsed:       71896 kB
VmallocChunk:          0 kB
Percpu:             6880 kB
AnonHugePages:         0 kB
ShmemHugePages:        0 kB
ShmemPmdMapped:        0 kB
FileHugePages:         0 kB
FilePmdMapped:         0 kB
CmaTotal:              0 kB
CmaFree:               0 kB
DirectMap4k:       61264 kB
DirectMap2M:     3084288 kB
