MemTotal:        3047924 kB
MemFree:          289652 kB
MemAvailable:    1443460 kB
Buffers:           26280 kB
Cached:          1407548 kB
SwapCached:        10680 kB
Active:          1011604 kB
Inactive:         947300 kB
Active(anon):     467000 kB
Inactive(anon):   106596 kB
Active(file):     544604 kB
Inactive(file):   840704 kB
Unevictable:       39056 kB
Mlocked:           39056 kB
SwapTotal:       2285936 kB
SwapFree:        1409092 kB
Dirty:            140384 kB
Writeback:             0 kB
AnonPages:        557172 kB
Mapped:           747712 kB
Shmem:             10416 kB
KReclaimable:      69112 kB
Slab:             270128 kB
SReclaimable:      69112 kB
SUnreclaim:       201016 kB
KernelStack:       46392 kB
PageTables:       104192 kB
SecPageTables:         0 kB
NFS_Unstable:          0 kB
Bounce:                0 kB
WritebackTmp:          0 kB
CommitLimit:     3809896 kB
Committed_AS:   217859676 kB
VmallocTotal:   34359738367 kB
VmallocUsed:       72184 kB
VmallocChunk:          0 kB
Percpu:             6960 kB
AnonHugePages:         0 kB
ShmemHugePages:        0 kB
ShmemPmdMapped:        0 kB
FileHugePages:         0 kB
FilePmdMapped:         0 kB
CmaTotal:              0 kB
CmaFree:               0 kB
DirectMap4k:       61264 kB
DirectMap2M:     3084288 kB
