MemTotal:        2021096 kB
MemFree:          143692 kB
MemAvailable:     983776 kB
Buffers:            3192 kB
Cached:          1037860 kB
SwapCached:         6840 kB
Active:           967916 kB
Inactive:         323020 kB
Active(anon):     197460 kB
Inactive(anon):    75396 kB
Active(file):     770456 kB
Inactive(file):   247624 kB
Unevictable:       10492 kB
Mlocked:           10492 kB
SwapTotal:       1515816 kB
SwapFree:         866516 kB
Dirty:             88024 kB
Writeback:             0 kB
AnonPages:        260488 kB
Mapped:           277468 kB
Shmem:             13228 kB
KReclaimable:      74024 kB
Slab:             189352 kB
SReclaimable:      74024 kB
SUnreclaim:       115328 kB
KernelStack:       30624 kB
PageTables:        61624 kB
SecPageTables:         0 kB
NFS_Unstable:          0 kB
Bounce:                0 kB
WritebackTmp:          0 kB
CommitLimit:     2526364 kB
Committed_AS:   29854592 kB
VmallocTotal:   34359738367 kB
VmallocUsed:       51508 kB
VmallocChunk:          0 kB
Percpu:             4752 kB
AnonHugePages:         0 kB
ShmemHugePages:        0 kB
ShmemPmdMapped:        0 kB
FileHugePages:         0 kB
FilePmdMapped:         0 kB
CmaTotal:              0 kB
CmaFree:               0 kB
DirectMap4k:       57176 kB
DirectMap2M:     2039808 kB
