MemTotal:        2021096 kB
MemFree:          183408 kB
MemAvailable:     951280 kB
Buffers:            3568 kB
Cached:           963312 kB
SwapCached:         7448 kB
Active:           870556 kB
Inactive:         406208 kB
Active(anon):     321820 kB
Inactive(anon):    10716 kB
Active(file):     548736 kB
Inactive(file):   395492 kB
Unevictable:       10492 kB
Mlocked:           10492 kB
SwapTotal:       1515816 kB
SwapFree:         886328 kB
Dirty:             88052 kB
Writeback:            20 kB
AnonPages:        320492 kB
Mapped:           313688 kB
Shmem:             13160 kB
KReclaimable:      77300 kB
Slab:             192584 kB
SReclaimable:      77300 kB
SUnreclaim:       115284 kB
KernelStack:       30352 kB
PageTables:        60852 kB
SecPageTables:         0 kB
NFS_Unstable:          0 kB
Bounce:                0 kB
WritebackTmp:          0 kB
CommitLimit:     2526364 kB
Committed_AS:   29157460 kB
VmallocTotal:   34359738367 kB
VmallocUsed:       51200 kB
VmallocChunk:          0 kB
Percpu:             4752 kB
AnonHugePages:         0 kB
ShmemHugePages:        0 kB
ShmemPmdMapped:        0 kB
FileHugePages:         0 kB
FilePmdMapped:         0 kB
CmaTotal:              0 kB
CmaFree:               0 kB
DirectMap4k:       57176 kB
DirectMap2M:     2039808 kB
