MemTotal:       11311220 kB
MemFree:           96816 kB
MemAvailable:    4965440 kB
Buffers:            4020 kB
Cached:          4649852 kB
SwapCached:       251780 kB
Active:          4034772 kB
Inactive:        3268044 kB
Active(anon):    2424656 kB
Inactive(anon):   810692 kB
Active(file):    1610116 kB
Inactive(file):  2457352 kB
Unevictable:      195312 kB
Mlocked:            5076 kB
RbinTotal:        512000 kB
RbinAlloced:        7168 kB
RbinPool:              0 kB
RbinFree:            320 kB
RbinCached:       504512 kB
SwapTotal:       8388604 kB
SwapFree:        5396516 kB
Dirty:             24016 kB
Writeback:             0 kB
AnonPages:       3154988 kB
Mapped:          1101892 kB
Shmem:             85540 kB
KReclaimable:     491220 kB
Slab:             961060 kB
SReclaimable:     430928 kB
SUnreclaim:       530132 kB
KernelStack:      166652 kB
ShadowCallStack:   41640 kB
PageTables:       223184 kB
NFS_Unstable:          0 kB
Bounce:                0 kB
WritebackTmp:          0 kB
CommitLimit:    13788212 kB
Committed_AS:   411591748 kB
VmallocTotal:   259653632 kB
VmallocUsed:      507688 kB
VmallocChunk:          0 kB
Percpu:            14080 kB
AnonHugePages:    110592 kB
ShmemHugePages:        0 kB
ShmemPmdMapped:        0 kB
FileHugePages:         0 kB
FilePmdMapped:         0 kB
HugepagePool:          0 kB
CmaTotal:         507904 kB
CmaFree:             696 kB
DmaHeapPool:       59296 kB
system:           165044 kB
zram0:            864676 kB
GpuTotal:         188788 kB
GpuSwap:               0 kB
KgslShmemUsage:   187812 kB
